BL51 BANKED LINKER/LOCATER V6.05                                                        05/29/2017  18:30:53  PAGE 1


BL51 BANKED LINKER/LOCATER V6.05, INVOKED BY:
C:\KEIL\C51\BIN\BL51.EXE ..\output\DHT11.obj, ..\output\main.obj, ..\output\LCD12864.obj TO ..\output\DHT11Test PRINT (.
>> \DHT11Test.m51) RAMSIZE (256)


MEMORY MODEL: SMALL


INPUT MODULES INCLUDED:
  ..\output\DHT11.obj (DHT11)
  ..\output\main.obj (MAIN)
  ..\output\LCD12864.obj (LCD12864)
  C:\KEIL\C51\LIB\C51S.LIB (?C_STARTUP)
  C:\KEIL\C51\LIB\C51S.LIB (?C?CLDPTR)
  C:\KEIL\C51\LIB\C51S.LIB (?C?CSTPTR)
  C:\KEIL\C51\LIB\C51S.LIB (?C?ILDPTR)
  C:\KEIL\C51\LIB\C51S.LIB (?C?ULSHR)
  C:\KEIL\C51\LIB\C51S.LIB (?C?LSHL)


LINK MAP OF MODULE:  ..\output\DHT11Test (DHT11)


            TYPE    BASE      LENGTH    RELOCATION   SEGMENT NAME
            -----------------------------------------------------

            * * * * * * *   D A T A   M E M O R Y   * * * * * * *
            REG     0000H     0008H     ABSOLUTE     "REG BANK 0"
            DATA    0008H     0013H     UNIT         _DATA_GROUP_
            DATA    001BH     0004H     UNIT         ?DT?_LCDDRAWAREA?LCD12864
                    001FH     0001H                  *** GAP ***
            BIT     0020H.0   0000H.2   UNIT         _BIT_GROUP_
                    0020H.2   0000H.6                *** GAP ***
            DATA    0021H     0003H     UNIT         ?DT?_LCDSHOWIMAGE?LCD12864
            IDATA   0024H     0001H     UNIT         ?STACK

            * * * * * * *   C O D E   M E M O R Y   * * * * * * *
            CODE    0000H     0003H     ABSOLUTE     
            CODE    0003H     00A6H     UNIT         ?PR?_DHT11GETDATA?DHT11
            CODE    00A9H     0092H     UNIT         ?PR?_LCDDRAWAREA?LCD12864
            CODE    013BH     0086H     UNIT         ?PR?MAIN?MAIN
            CODE    01C1H     0086H     UNIT         ?PR?_LCDSHOWIMAGE?LCD12864
            CODE    0247H     007CH     UNIT         ?C?LIB_CODE
            CODE    02C3H     0073H     UNIT         ?PR?_LCDCLEARIMAGE?LCD12864
            CODE    0336H     0072H     UNIT         ?CO?LCD12864
            CODE    03A8H     0058H     UNIT         ?PR?LCDINITIMAGE?LCD12864
            CODE    0400H     004DH     UNIT         ?PR?_LCDSHOWCN?LCD12864
            CODE    044DH     002BH     UNIT         ?PR?_LCDSETCURSOR?LCD12864
            CODE    0478H     0022H     UNIT         ?PR?_LCDSHOWSTR?LCD12864
            CODE    049AH     001EH     UNIT         ?PR?INITLCD12864?LCD12864
            CODE    04B8H     001AH     UNIT         ?PR?DHT11GETACK?DHT11
            CODE    04D2H     0019H     UNIT         ?PR?_LCDWRITECMD?LCD12864
            CODE    04EBH     0019H     UNIT         ?PR?LCDCLEARALL?LCD12864
            CODE    0504H     0016H     UNIT         ?PR?_LCDWRITEDATA?LCD12864
            CODE    051AH     0012H     UNIT         ?PR?LCDWAITREADY?LCD12864
            CODE    052CH     000FH     UNIT         ?PR?_LCDCLEARAREA?LCD12864
            CODE    053BH     000CH     UNIT         ?PR?_DELAYX10US?DHT11
            CODE    0547H     000CH     UNIT         ?C_C51STARTUP
BL51 BANKED LINKER/LOCATER V6.05                                                      05/29/2017  18:30:53  PAGE 2


            CODE    0553H     000BH     UNIT         ?PR?CONFIGUREDHT11?DHT11
            CODE    055EH     0005H     UNIT         ?PR?LCDSHOWCURSOR?LCD12864
            CODE    0563H     0005H     UNIT         ?PR?LCDCANCELCURSOR?LCD12864



OVERLAY MAP OF MODULE:   ..\output\DHT11Test (DHT11)


SEGMENT                                 BIT_GROUP          DATA_GROUP 
  +--> CALLED SEGMENT                START    LENGTH     START    LENGTH
------------------------------------------------------------------------
?C_C51STARTUP                        -----    -----      -----    -----
  +--> ?PR?MAIN?MAIN

?PR?MAIN?MAIN                        -----    -----      0008H    0008H
  +--> ?PR?INITLCD12864?LCD12864
  +--> ?PR?CONFIGUREDHT11?DHT11
  +--> ?PR?_DHT11GETDATA?DHT11
  +--> ?PR?_LCDSHOWCN?LCD12864

?PR?INITLCD12864?LCD12864            -----    -----      -----    -----
  +--> ?PR?_LCDWRITECMD?LCD12864
  +--> ?CO?LCD12864
  +--> ?PR?_LCDSHOWSTR?LCD12864

?PR?_LCDWRITECMD?LCD12864            -----    -----      -----    -----
  +--> ?PR?LCDWAITREADY?LCD12864

?PR?_LCDSHOWSTR?LCD12864             -----    -----      0010H    0006H
  +--> ?PR?_LCDSETCURSOR?LCD12864
  +--> ?PR?_LCDWRITEDATA?LCD12864

?PR?_LCDSETCURSOR?LCD12864           -----    -----      -----    -----
  +--> ?PR?_LCDWRITECMD?LCD12864

?PR?_LCDWRITEDATA?LCD12864           -----    -----      -----    -----
  +--> ?PR?LCDWAITREADY?LCD12864

?PR?_DHT11GETDATA?DHT11              0020H.0  0000H.1    0010H    000BH
  +--> ?PR?DHT11GETACK?DHT11
  +--> ?PR?_DELAYX10US?DHT11

?PR?DHT11GETACK?DHT11                0020H.1  0000H.1    -----    -----
  +--> ?PR?_DELAYX10US?DHT11

?PR?_LCDSHOWCN?LCD12864              -----    -----      0010H    0006H
  +--> ?PR?_LCDSETCURSOR?LCD12864
  +--> ?PR?_LCDWRITEDATA?LCD12864



SYMBOL TABLE OF MODULE:  ..\output\DHT11Test (DHT11)

  VALUE           TYPE          NAME
  ----------------------------------

BL51 BANKED LINKER/LOCATER V6.05                                                      05/29/2017  18:30:53  PAGE 3


  -------         MODULE        DHT11
  C:0000H         SYMBOL        _ICE_DUMMY_
  D:0090H         PUBLIC        P1
  D:00A0H         PUBLIC        P2
  D:00B0H         PUBLIC        P3
  D:00A8H         PUBLIC        IE
  C:053BH         PUBLIC        _DelayX10us
  D:00B8H         PUBLIC        IP
  D:0098H         PUBLIC        SCON
  D:0089H         PUBLIC        TMOD
  D:0088H         PUBLIC        TCON
  C:04B8H         PUBLIC        DHT11GetACK
  B:00B0H.2       PUBLIC        DHT11_DATA
  B:00A8H.3       PUBLIC        ET1
  D:008BH         PUBLIC        TL1
  B:00B8H.3       PUBLIC        PT1
  B:0088H.6       PUBLIC        TR1
  C:0003H         PUBLIC        _DHT11GetData
  D:00C8H         PUBLIC        T2CON
  C:0553H         PUBLIC        ConfigureDHT11
  D:00D0H         PUBLIC        PSW
  -------         PROC          _DELAYX10US
  D:0006H         SYMBOL        x
  C:053BH         LINE#         6
  C:053BH         LINE#         7
  C:053BH         LINE#         9
  C:053BH         LINE#         10
  C:053CH         LINE#         11
  C:053DH         LINE#         12
  C:0546H         LINE#         13
  -------         ENDPROC       _DELAYX10US
  -------         PROC          DHT11GETACK
  -------         DO            
  B:0020H.1       SYMBOL        ack
  -------         ENDDO         
  C:04B8H         LINE#         15
  C:04B8H         LINE#         16
  C:04B8H         LINE#         19
  C:04BAH         LINE#         20
  C:04C1H         LINE#         21
  C:04C3H         LINE#         22
  C:04CAH         LINE#         23
  C:04CEH         LINE#         25
  C:04D1H         LINE#         26
  -------         ENDPROC       DHT11GETACK
  -------         PROC          _DHT11GETDATA
  D:0001H         SYMBOL        humi
  D:0013H         SYMBOL        temp
  -------         DO            
  B:0020H.0       SYMBOL        ack
  D:0016H         SYMBOL        cnt
  D:0017H         SYMBOL        mdat
  -------         ENDDO         
  C:0003H         LINE#         29
  C:0003H         LINE#         30
  C:0003H         LINE#         32
  C:0006H         LINE#         33
BL51 BANKED LINKER/LOCATER V6.05                                                      05/29/2017  18:30:53  PAGE 4


  C:000FH         LINE#         35
  C:0014H         LINE#         36
  C:001AH         LINE#         37
  C:001DH         LINE#         38
  C:0024H         LINE#         40
  C:002BH         LINE#         41
  C:002EH         LINE#         42
  C:0031H         LINE#         43
  C:0033H         LINE#         44
  C:0036H         LINE#         45
  C:0038H         LINE#         46
  C:003FH         LINE#         47
  C:0054H         LINE#         48
  C:0056H         LINE#         49
  C:006BH         LINE#         50
  C:007DH         LINE#         51
  C:007DH         LINE#         52
  C:007FH         LINE#         54
  C:0090H         LINE#         55
  C:00A7H         LINE#         56
  C:00A8H         LINE#         57
  -------         ENDPROC       _DHT11GETDATA
  -------         PROC          CONFIGUREDHT11
  C:0553H         LINE#         59
  C:0553H         LINE#         60
  C:0553H         LINE#         61
  C:0556H         LINE#         62
  C:0559H         LINE#         64
  C:055BH         LINE#         65
  C:055DH         LINE#         66
  -------         ENDPROC       CONFIGUREDHT11
  -------         ENDMOD        DHT11

  -------         MODULE        MAIN
  C:0000H         SYMBOL        _ICE_DUMMY_
  D:0090H         PUBLIC        P1
  D:00A0H         PUBLIC        P2
  D:00B0H         PUBLIC        P3
  D:00A8H         PUBLIC        IE
  D:00B8H         PUBLIC        IP
  C:013BH         PUBLIC        main
  D:0098H         PUBLIC        SCON
  D:0088H         PUBLIC        TCON
  D:00C8H         PUBLIC        T2CON
  D:00D0H         PUBLIC        PSW
  -------         PROC          MAIN
  -------         DO            
  D:0008H         SYMBOL        temp
  D:0009H         SYMBOL        humi
  D:000AH         SYMBOL        dat
  -------         ENDDO         
  C:013BH         LINE#         5
  C:013BH         LINE#         6
  C:013BH         LINE#         10
  C:013EH         LINE#         11
  C:0141H         LINE#         12
  C:0153H         LINE#         14
BL51 BANKED LINKER/LOCATER V6.05                                                      05/29/2017  18:30:53  PAGE 5


  C:0162H         LINE#         15
  C:0173H         LINE#         16
  C:0179H         LINE#         17
  C:0189H         LINE#         19
  C:0198H         LINE#         20
  C:01A9H         LINE#         21
  C:01AFH         LINE#         22
  C:01BFH         LINE#         24
  -------         ENDPROC       MAIN
  -------         ENDMOD        MAIN

  -------         MODULE        LCD12864
  C:0000H         SYMBOL        _ICE_DUMMY_
  D:0080H         PUBLIC        P0
  D:0090H         PUBLIC        P1
  D:00A0H         PUBLIC        P2
  D:00B0H         PUBLIC        P3
  C:044DH         PUBLIC        _LCDSetCursor
  C:0400H         PUBLIC        _LCDShowCN
  D:00A8H         PUBLIC        IE
  D:00B8H         PUBLIC        IP
  C:0563H         PUBLIC        LCDCancelCursor
  C:0378H         PUBLIC        moonImage
  C:02C3H         PUBLIC        _LCDClearImage
  C:0478H         PUBLIC        _LCDShowStr
  D:0098H         PUBLIC        SCON
  D:0088H         PUBLIC        TCON
  C:052CH         PUBLIC        _LCDClearArea
  C:0358H         PUBLIC        sunImage
  B:0090H.5       PUBLIC        LCD12864_EN
  C:03A8H         PUBLIC        LCDInitImage
  C:04EBH         PUBLIC        LCDClearAll
  C:01C1H         PUBLIC        _LCDShowImage
  C:050AH         PUBLIC        _LCDWriteData
  C:00A9H         PUBLIC        _LCDDrawArea
  B:0090H.0       PUBLIC        LCD12864_RS
  C:051AH         PUBLIC        LCDWaitReady
  B:0090H.1       PUBLIC        LCD12864_RW
  D:00C8H         PUBLIC        T2CON
  C:049AH         PUBLIC        InitLCD12864
  C:0338H         PUBLIC        clockImage
  C:04DBH         PUBLIC        _LCDWriteCmd
  C:055EH         PUBLIC        LCDShowCursor
  D:00D0H         PUBLIC        PSW
  -------         PROC          LCDWAITREADY
  -------         DO            
  D:0007H         SYMBOL        tmp
  -------         ENDDO         
  C:051AH         LINE#         20
  C:051AH         LINE#         21
  C:051AH         LINE#         22
  C:051AH         LINE#         24
  C:051CH         LINE#         25
  C:051EH         LINE#         26
  C:051EH         LINE#         27
  C:0520H         LINE#         28
  C:0525H         LINE#         29
BL51 BANKED LINKER/LOCATER V6.05                                                      05/29/2017  18:30:53  PAGE 6


  C:0527H         LINE#         30
  C:0529H         LINE#         31
  C:052BH         LINE#         32
  -------         ENDPROC       LCDWAITREADY
  -------         PROC          L?0082
  -------         ENDPROC       L?0082
  -------         PROC          _LCDWRITECMD
  D:0006H         SYMBOL        cmd
  C:04DBH         LINE#         34
  C:04DDH         LINE#         35
  C:04DDH         LINE#         36
  C:04E0H         LINE#         37
  C:04E2H         LINE#         38
  C:04E4H         LINE#         39
  C:04E6H         LINE#         40
  C:04E8H         LINE#         41
  C:04EAH         LINE#         42
  -------         ENDPROC       _LCDWRITECMD
  C:0504H         SYMBOL        L?0081
  -------         PROC          L?0080
  -------         ENDPROC       L?0080
  C:0504H         SYMBOL        L?0081
  -------         PROC          _LCDWRITEDATA
  D:0006H         SYMBOL        dat
  C:050AH         LINE#         44
  C:050CH         LINE#         45
  C:050CH         LINE#         46
  C:050FH         LINE#         47
  C:0511H         LINE#         48
  C:0513H         LINE#         49
  C:0515H         LINE#         50
  C:0517H         LINE#         51
  C:0519H         LINE#         52
  -------         ENDPROC       _LCDWRITEDATA
  -------         PROC          INITLCD12864
  C:049AH         LINE#         54
  C:049AH         LINE#         55
  C:049AH         LINE#         56
  C:049FH         LINE#         57
  C:04A4H         LINE#         58
  C:04A9H         LINE#         59
  -------         ENDPROC       INITLCD12864
  -------         PROC          _LCDSHOWSTR
  D:0007H         SYMBOL        x
  D:0005H         SYMBOL        y
  D:0012H         SYMBOL        str
  D:0015H         SYMBOL        strlen
  C:0478H         LINE#         62
  C:047EH         LINE#         63
  C:047EH         LINE#         64
  C:0481H         LINE#         65
  C:0481H         LINE#         66
  C:0490H         LINE#         67
  C:0492H         LINE#         68
  C:0499H         LINE#         69
  -------         ENDPROC       _LCDSHOWSTR
  -------         PROC          _LCDSHOWCN
BL51 BANKED LINKER/LOCATER V6.05                                                      05/29/2017  18:30:53  PAGE 7


  D:0010H         SYMBOL        x
  D:0011H         SYMBOL        y
  D:0012H         SYMBOL        str
  D:0015H         SYMBOL        strlen
  -------         DO            
  D:0003H         SYMBOL        msb
  D:0005H         SYMBOL        lsb
  -------         ENDDO         
  C:0400H         LINE#         71
  C:040AH         LINE#         72
  C:040AH         LINE#         75
  C:0414H         LINE#         76
  C:041BH         LINE#         77
  C:041DH         LINE#         78
  C:0424H         LINE#         79
  C:0427H         LINE#         80
  C:0429H         LINE#         81
  C:0429H         LINE#         82
  C:0436H         LINE#         83
  C:0436H         LINE#         84
  C:043AH         LINE#         85
  C:043FH         LINE#         86
  C:044AH         LINE#         87
  C:044CH         LINE#         88
  -------         ENDPROC       _LCDSHOWCN
  -------         PROC          _LCDSETCURSOR
  D:0006H         SYMBOL        x
  D:0005H         SYMBOL        y
  -------         DO            
  D:0007H         SYMBOL        pos
  -------         ENDDO         
  C:044DH         LINE#         90
  C:044FH         LINE#         91
  C:044FH         LINE#         92
  C:0451H         LINE#         94
  C:045FH         LINE#         95
  C:045FH         LINE#         96
  C:045FH         LINE#         97
  C:0463H         LINE#         98
  C:0465H         LINE#         99
  C:0465H         LINE#         100
  C:0469H         LINE#         101
  C:046BH         LINE#         102
  C:046BH         LINE#         103
  C:046FH         LINE#         104
  C:0471H         LINE#         105
  C:0471H         LINE#         106
  C:0475H         LINE#         107
  C:0475H         LINE#         108
  C:0475H         LINE#         109
  C:0475H         LINE#         110
  C:0475H         LINE#         111
  -------         ENDPROC       _LCDSETCURSOR
  -------         PROC          LCDSHOWCURSOR
  C:055EH         LINE#         114
  C:055EH         LINE#         115
  C:055EH         LINE#         116
BL51 BANKED LINKER/LOCATER V6.05                                                      05/29/2017  18:30:53  PAGE 8


  -------         ENDPROC       LCDSHOWCURSOR
  -------         PROC          LCDCANCELCURSOR
  C:0563H         LINE#         119
  C:0563H         LINE#         120
  C:0563H         LINE#         121
  -------         ENDPROC       LCDCANCELCURSOR
  -------         PROC          LCDCLEARALL
  C:04EBH         LINE#         124
  C:04EBH         LINE#         125
  C:04EBH         LINE#         126
  C:04F0H         LINE#         127
  C:04F5H         LINE#         128
  -------         ENDPROC       LCDCLEARALL
  -------         PROC          _LCDSHOWIMAGE
  D:0021H         SYMBOL        image
  -------         DO            
  D:0004H         SYMBOL        i
  D:0005H         SYMBOL        j
  -------         ENDDO         
  C:01C1H         LINE#         131
  C:01C7H         LINE#         132
  C:01C7H         LINE#         135
  C:01CCH         LINE#         136
  C:01D1H         LINE#         137
  C:01D3H         LINE#         138
  C:01DAH         LINE#         139
  C:01DFH         LINE#         140
  C:01E1H         LINE#         141
  C:01E1H         LINE#         142
  C:01F0H         LINE#         143
  C:01FFH         LINE#         144
  C:0203H         LINE#         145
  C:0207H         LINE#         147
  C:0209H         LINE#         148
  C:0210H         LINE#         149
  C:0215H         LINE#         150
  C:0217H         LINE#         151
  C:0217H         LINE#         152
  C:0226H         LINE#         153
  C:0235H         LINE#         154
  C:0239H         LINE#         155
  C:023DH         LINE#         156
  C:0242H         LINE#         157
  -------         ENDPROC       _LCDSHOWIMAGE
  -------         PROC          _LCDDRAWAREA
  D:001BH         SYMBOL        x
  D:0005H         SYMBOL        y
  D:001CH         SYMBOL        image
  -------         DO            
  D:0004H         SYMBOL        i
  -------         ENDDO         
  C:00A9H         LINE#         160
  C:00B1H         LINE#         161
  C:00B1H         LINE#         164
  C:00B6H         LINE#         165
  C:00BBH         LINE#         167
  C:00C1H         LINE#         168
BL51 BANKED LINKER/LOCATER V6.05                                                      05/29/2017  18:30:53  PAGE 9


  C:00C3H         LINE#         169
  C:00CAH         LINE#         170
  C:00CDH         LINE#         172
  C:00DCH         LINE#         173
  C:00EBH         LINE#         174
  C:00F1H         LINE#         175
  C:00F1H         LINE#         176
  C:00F3H         LINE#         177
  C:00FEH         LINE#         178
  C:0106H         LINE#         180
  C:0115H         LINE#         181
  C:0124H         LINE#         182
  C:0128H         LINE#         183
  C:0128H         LINE#         185
  C:012EH         LINE#         186
  C:0131H         LINE#         188
  C:0136H         LINE#         189
  -------         ENDPROC       _LCDDRAWAREA
  -------         PROC          LCDINITIMAGE
  -------         DO            
  D:0004H         SYMBOL        i
  D:0005H         SYMBOL        j
  -------         ENDDO         
  C:03A8H         LINE#         192
  C:03A8H         LINE#         193
  C:03A8H         LINE#         196
  C:03ADH         LINE#         197
  C:03B2H         LINE#         198
  C:03B4H         LINE#         199
  C:03BBH         LINE#         200
  C:03C0H         LINE#         201
  C:03C2H         LINE#         202
  C:03C2H         LINE#         203
  C:03C7H         LINE#         204
  C:03CCH         LINE#         205
  C:03D0H         LINE#         206
  C:03D4H         LINE#         208
  C:03D6H         LINE#         209
  C:03DDH         LINE#         210
  C:03E2H         LINE#         211
  C:03E4H         LINE#         212
  C:03E4H         LINE#         213
  C:03E9H         LINE#         214
  C:03EEH         LINE#         215
  C:03F2H         LINE#         216
  C:03F6H         LINE#         217
  C:03FBH         LINE#         218
  -------         ENDPROC       LCDINITIMAGE
  -------         PROC          _LCDCLEARIMAGE
  D:0003H         SYMBOL        x
  D:0005H         SYMBOL        y
  -------         DO            
  D:0004H         SYMBOL        i
  -------         ENDDO         
  C:02C3H         LINE#         221
  C:02C5H         LINE#         222
  C:02C5H         LINE#         225
BL51 BANKED LINKER/LOCATER V6.05                                                      05/29/2017  18:30:53  PAGE 10


  C:02CAH         LINE#         226
  C:02CFH         LINE#         228
  C:02D5H         LINE#         229
  C:02D7H         LINE#         230
  C:02E2H         LINE#         231
  C:02E9H         LINE#         233
  C:02EEH         LINE#         234
  C:02F3H         LINE#         235
  C:02F9H         LINE#         236
  C:02F9H         LINE#         237
  C:02FBH         LINE#         238
  C:0306H         LINE#         239
  C:030DH         LINE#         241
  C:0312H         LINE#         242
  C:0317H         LINE#         243
  C:031BH         LINE#         244
  C:031BH         LINE#         246
  C:0325H         LINE#         247
  C:032CH         LINE#         249
  C:0331H         LINE#         250
  -------         ENDPROC       _LCDCLEARIMAGE
  -------         PROC          _LCDCLEARAREA
  D:0007H         SYMBOL        x
  D:0005H         SYMBOL        y
  -------         DO            
  C:0398H         SYMBOL        clearDat
  -------         ENDDO         
  C:052CH         LINE#         253
  C:052CH         LINE#         254
  C:052CH         LINE#         259
  -------         ENDPROC       _LCDCLEARAREA
  -------         ENDMOD        LCD12864

  -------         MODULE        ?C?CLDPTR
  C:0247H         PUBLIC        ?C?CLDPTR
  -------         ENDMOD        ?C?CLDPTR

  -------         MODULE        ?C?CSTPTR
  C:0260H         PUBLIC        ?C?CSTPTR
  -------         ENDMOD        ?C?CSTPTR

  -------         MODULE        ?C?ILDPTR
  C:0272H         PUBLIC        ?C?ILDPTR
  -------         ENDMOD        ?C?ILDPTR

  -------         MODULE        ?C?ULSHR
  C:029DH         PUBLIC        ?C?ULSHR
  -------         ENDMOD        ?C?ULSHR

  -------         MODULE        ?C?LSHL
  C:02B0H         PUBLIC        ?C?LSHL
  -------         ENDMOD        ?C?LSHL

*** WARNING L16: UNCALLED SEGMENT, IGNORED FOR OVERLAY PROCESS
    SEGMENT: ?PR?LCDSHOWCURSOR?LCD12864

*** WARNING L16: UNCALLED SEGMENT, IGNORED FOR OVERLAY PROCESS
BL51 BANKED LINKER/LOCATER V6.05                                                      05/29/2017  18:30:53  PAGE 11


    SEGMENT: ?PR?LCDCANCELCURSOR?LCD12864

*** WARNING L16: UNCALLED SEGMENT, IGNORED FOR OVERLAY PROCESS
    SEGMENT: ?PR?LCDCLEARALL?LCD12864

*** WARNING L16: UNCALLED SEGMENT, IGNORED FOR OVERLAY PROCESS
    SEGMENT: ?PR?_LCDSHOWIMAGE?LCD12864

*** WARNING L16: UNCALLED SEGMENT, IGNORED FOR OVERLAY PROCESS
    SEGMENT: ?PR?_LCDDRAWAREA?LCD12864

*** WARNING L16: UNCALLED SEGMENT, IGNORED FOR OVERLAY PROCESS
    SEGMENT: ?PR?LCDINITIMAGE?LCD12864

*** WARNING L16: UNCALLED SEGMENT, IGNORED FOR OVERLAY PROCESS
    SEGMENT: ?PR?_LCDCLEARIMAGE?LCD12864

*** WARNING L16: UNCALLED SEGMENT, IGNORED FOR OVERLAY PROCESS
    SEGMENT: ?PR?_LCDCLEARAREA?LCD12864

Program Size: data=35.2 xdata=0 code=1384
LINK/LOCATE RUN COMPLETE.  8 WARNING(S),  0 ERROR(S)
